---
source: panko/tests/testsuite/main.rs
info:
  program: panko
  args:
    - "--print=typeck"
    - "--stop-after=typeck"
    - panko/tests/cases/decl_in_global_scope/test_simple.c
---
success: true
exit_code: 0
----- stdout -----
(translation-unit
   (tentative-definition x~0 `int` âˆ…)
   (definition y~1 `int` (42 `int`)))

----- stderr -----
