---
source: panko/tests/testsuite/main.rs
info:
  program: panko
  args:
    - "--print=preprocess"
    - "--stop-after=preprocess"
    - panko/tests/cases/preprocessor/test_error_hash_digraph.c
---
success: true
exit_code: 0
----- stdout -----


----- stderr -----
