---
source: panko/tests/testsuite/main.rs
info:
  program: panko
  args:
    - "--print=scopes"
    - "--stop-after=scopes"
    - panko/tests/cases/decl_in_function/test_error_array_of_incomplete_type.c
---
success: true
exit_code: 0
----- stdout -----
(translation-unit
   (function-definition
      main~0 `fn() -> int`
      (compound-statement
         (declaration array~1 `array<void; 42>` âˆ…))))

----- stderr -----
