---
source: panko/tests/testsuite/main.rs
info:
  program: panko
  args:
    - "--print=scopes"
    - "--stop-after=scopes"
    - panko/tests/cases/decl_in_function/test_error_array_of_functions.c
---
success: true
exit_code: 0
----- stdout -----
(translation-unit "panko/tests/cases/decl_in_function/test_error_array_of_functions.c"
   (function-definition
      main~0 `fn() -> int`
      (compound-statement
         (declaration functions~1 `array<fn(∅: int, ∅: int) -> int; 42>` ∅))))

----- stderr -----
