---
source: panko/tests/testsuite/main.rs
info:
  program: panko
  args:
    - "--print=layout"
    - "--stop-after=layout"
    - panko/tests/cases/execute/test_empty_main.c
---
success: true
exit_code: 0
----- stdout -----
(translation-unit "panko/tests/cases/execute/test_empty_main.c"
   (function-definition
      (main~0 `fn() -> int` (static main))
      (compound-statement)))

----- stderr -----
