---
source: panko/tests/testsuite/main.rs
info:
  program: panko
  args:
    - "--print=scopes"
    - "--stop-after=scopes"
    - panko/tests/cases/execute/pointers/test_funtion_pointer_explicit_deref.c
---
success: true
exit_code: 0
----- stdout -----
(translation-unit
   (function-definition
      f~0 `fn(x: int) -> int`
      (params
         x~1 `int`)
      (compound-statement
         (return (add (name x~1 `int`) 2))))
   (function-definition
      main~2 `fn() -> int`
      (compound-statement
         (declaration x~3 `int` 40)
         (declaration p~4 `ptr<fn(∅: int) -> int>` (addressof (name f~0 `fn(x: int) -> int`)))
         (return
            (call (deref (deref (deref (deref (name p~4 `ptr<fn(∅: int) -> int>`)))))
               (name x~3 `int`))))))

----- stderr -----
