---
source: panko/tests/testsuite/main.rs
info:
  program: panko
  args:
    - "--print=scopes"
    - "--stop-after=scopes"
    - panko/tests/cases/execute/test_variable_can_be_initialised_with_variable.c
---
success: true
exit_code: 0
----- stdout -----
(translation-unit
   (function-definition
      main~0 `fn() -> int`
      (compound-statement
         (definition a~1 `int` 42)
         (definition b~2 `int` (name a~1 `int`))
         (return (name b~2 `int`)))))

----- stderr -----
